10.000000
1020.000000
-0.500000
-0.750000
0.397500
0.165798
